// Jest Snapshot v1, https://goo.gl/fbAQLP

exports[`Pruebas en <PrimeraApp /> debe de mostrar <PrimeraApp /> correctamente 1`] = `
<Fragment>
  <h1>
     
    Hola, soy Goku
     !!
  </h1>
  <p>
     
    Soy un subtitulo ahhh
     
  </p>
  <p>
    ad aasa 1 asasas asdasdad
  </p>
</Fragment>
`;
