// Jest Snapshot v1, https://goo.gl/fbAQLP

exports[`test de <HookApp /> debe mostrarse correctamente 1`] = `
<div>
  <h1>
    Hola mundo
  </h1>
</div>
`;
