// Jest Snapshot v1, https://goo.gl/fbAQLP

exports[`MultipleCustomHooks test Debe de mostrarse correctamente 1`] = `
<div>
  <h1>
    Breaking bad - Custom Hooks !!!
  </h1>
  <hr />
  <div
    className="alert alert-info text-center"
  >
    Loading...
  </div>
  <button
    className="btn btn-primary"
    onClick={[Function]}
  >
    Siguiente Frase
  </button>
</div>
`;
